// Jest Snapshot v1, https://goo.gl/fbAQLP

exports[`MainScreen correctly renders after relaunch 1`] = `
<main
  className="page__main page__main--index"
>
  <h1
    className="visually-hidden"
  >
    Cities
  </h1>
  <div
    className="tabs"
  >
    <Cities
      citiesList={
        Array [
          "Amsterdam",
          "Berlin",
          "Helsinki",
        ]
      }
      city="Amsterdam"
      cityOffers={
        Array [
          Object {
            "city": Object {
              "location": Object {
                "latitude": 60.192059,
                "longitude": 24.945831,
                "name": "Helsinki",
                "zoom": 12,
              },
            },
            "description": "Beautiful & luxurious apartment at great location",
            "id": 1,
            "image": "img/room.jpg",
            "isBookmark": true,
            "isPremium": false,
            "price": 80,
            "rating": 50,
            "type": "Private room",
          },
          Object {
            "city": Object {
              "location": Object {
                "latitude": 52.38333,
                "longitude": 4.9,
                "name": "Amsterdam",
                "zoom": 12,
              },
            },
            "description": "Wood and stone place",
            "id": 2,
            "image": "img/room.jpg",
            "isBookmark": true,
            "isPremium": false,
            "price": 80,
            "rating": 50,
            "type": "Private room",
          },
          Object {
            "city": Object {
              "location": Object {
                "latitude": 52.520008,
                "longitude": 13.404954,
                "name": "Berlin",
                "zoom": 12,
              },
            },
            "description": "Nice, cozy, warm big bed apartment",
            "id": 3,
            "image": "img/room.jpg",
            "isBookmark": true,
            "isPremium": false,
            "price": 80,
            "rating": 50,
            "type": "Private room",
          },
          Object {
            "city": Object {
              "location": Object {
                "latitude": 52.38333,
                "longitude": 4.9,
                "name": "Amsterdam",
                "zoom": 12,
              },
            },
            "description": "Canal View Prinsengracht",
            "id": 4,
            "image": "img/room.jpg",
            "isBookmark": true,
            "isPremium": false,
            "price": 80,
            "rating": 50,
            "type": "Private room",
          },
        ]
      }
    />
  </div>
  <div
    className="cities"
  >
    <div
      className="cities__places-container container"
    >
      <section
        className="cities__places places"
      >
        <h2
          className="visually-hidden"
        >
          Places
        </h2>
        <b
          className="places__found"
        >
          4
           places to stay in 
          Amsterdam
        </b>
        <form
          action="#"
          className="places__sorting"
          method="get"
        >
          <span
            className="places__sorting-caption"
          >
            Sort by
          </span>
          <span
            className="places__sorting-type"
            tabIndex="0"
          >
            Popular
            <svg
              className="places__sorting-arrow"
              height="4"
              width="7"
            >
              <use
                xlinkHref="#icon-arrow-select"
              />
            </svg>
          </span>
          <ul
            className="places__options places__options--custom places__options--opened"
          >
            <li
              className="places__option places__option--active"
              tabIndex="0"
            >
              Popular
            </li>
            <li
              className="places__option"
              tabIndex="0"
            >
              Price: low to high
            </li>
            <li
              className="places__option"
              tabIndex="0"
            >
              Price: high to low
            </li>
            <li
              className="places__option"
              tabIndex="0"
            >
              Top rated first
            </li>
          </ul>
        </form>
        <div
          className="cities__places-list places__list tabs__content"
        >
          <Offers
            citiesList={
              Array [
                "Amsterdam",
                "Berlin",
                "Helsinki",
              ]
            }
            city="Amsterdam"
            cityOffers={
              Array [
                Object {
                  "city": Object {
                    "location": Object {
                      "latitude": 60.192059,
                      "longitude": 24.945831,
                      "name": "Helsinki",
                      "zoom": 12,
                    },
                  },
                  "description": "Beautiful & luxurious apartment at great location",
                  "id": 1,
                  "image": "img/room.jpg",
                  "isBookmark": true,
                  "isPremium": false,
                  "price": 80,
                  "rating": 50,
                  "type": "Private room",
                },
                Object {
                  "city": Object {
                    "location": Object {
                      "latitude": 52.38333,
                      "longitude": 4.9,
                      "name": "Amsterdam",
                      "zoom": 12,
                    },
                  },
                  "description": "Wood and stone place",
                  "id": 2,
                  "image": "img/room.jpg",
                  "isBookmark": true,
                  "isPremium": false,
                  "price": 80,
                  "rating": 50,
                  "type": "Private room",
                },
                Object {
                  "city": Object {
                    "location": Object {
                      "latitude": 52.520008,
                      "longitude": 13.404954,
                      "name": "Berlin",
                      "zoom": 12,
                    },
                  },
                  "description": "Nice, cozy, warm big bed apartment",
                  "id": 3,
                  "image": "img/room.jpg",
                  "isBookmark": true,
                  "isPremium": false,
                  "price": 80,
                  "rating": 50,
                  "type": "Private room",
                },
                Object {
                  "city": Object {
                    "location": Object {
                      "latitude": 52.38333,
                      "longitude": 4.9,
                      "name": "Amsterdam",
                      "zoom": 12,
                    },
                  },
                  "description": "Canal View Prinsengracht",
                  "id": 4,
                  "image": "img/room.jpg",
                  "isBookmark": true,
                  "isPremium": false,
                  "price": 80,
                  "rating": 50,
                  "type": "Private room",
                },
              ]
            }
          />
        </div>
      </section>
      <div
        className="cities__right-section"
      >
        <section
          className="cities__map map"
        >
          <MapComponent
            citiesList={
              Array [
                "Amsterdam",
                "Berlin",
                "Helsinki",
              ]
            }
            city="Amsterdam"
            cityOffers={
              Array [
                Object {
                  "city": Object {
                    "location": Object {
                      "latitude": 60.192059,
                      "longitude": 24.945831,
                      "name": "Helsinki",
                      "zoom": 12,
                    },
                  },
                  "description": "Beautiful & luxurious apartment at great location",
                  "id": 1,
                  "image": "img/room.jpg",
                  "isBookmark": true,
                  "isPremium": false,
                  "price": 80,
                  "rating": 50,
                  "type": "Private room",
                },
                Object {
                  "city": Object {
                    "location": Object {
                      "latitude": 52.38333,
                      "longitude": 4.9,
                      "name": "Amsterdam",
                      "zoom": 12,
                    },
                  },
                  "description": "Wood and stone place",
                  "id": 2,
                  "image": "img/room.jpg",
                  "isBookmark": true,
                  "isPremium": false,
                  "price": 80,
                  "rating": 50,
                  "type": "Private room",
                },
                Object {
                  "city": Object {
                    "location": Object {
                      "latitude": 52.520008,
                      "longitude": 13.404954,
                      "name": "Berlin",
                      "zoom": 12,
                    },
                  },
                  "description": "Nice, cozy, warm big bed apartment",
                  "id": 3,
                  "image": "img/room.jpg",
                  "isBookmark": true,
                  "isPremium": false,
                  "price": 80,
                  "rating": 50,
                  "type": "Private room",
                },
                Object {
                  "city": Object {
                    "location": Object {
                      "latitude": 52.38333,
                      "longitude": 4.9,
                      "name": "Amsterdam",
                      "zoom": 12,
                    },
                  },
                  "description": "Canal View Prinsengracht",
                  "id": 4,
                  "image": "img/room.jpg",
                  "isBookmark": true,
                  "isPremium": false,
                  "price": 80,
                  "rating": 50,
                  "type": "Private room",
                },
              ]
            }
          />
        </section>
      </div>
    </div>
  </div>
</main>
`;
