// Jest Snapshot v1, https://goo.gl/fbAQLP

exports[`MainScreen correctly renders after relaunch 1`] = `
<main
  className="page__main page__main--index"
>
  <h1
    className="visually-hidden"
  >
    Cities
  </h1>
  <div
    className="tabs"
  >
    <section
      className="locations container"
    >
      <ul
        className="locations__list tabs__list"
      >
        <li
          className="locations__item"
        >
          <a
            className="locations__item-link tabs__item"
            href="#"
          >
            <span>
              Paris
            </span>
          </a>
        </li>
        <li
          className="locations__item"
        >
          <a
            className="locations__item-link tabs__item"
            href="#"
          >
            <span>
              Cologne
            </span>
          </a>
        </li>
        <li
          className="locations__item"
        >
          <a
            className="locations__item-link tabs__item"
            href="#"
          >
            <span>
              Brussels
            </span>
          </a>
        </li>
        <li
          className="locations__item"
        >
          <a
            className="locations__item-link tabs__item tabs__item--active"
          >
            <span>
              Amsterdam
            </span>
          </a>
        </li>
        <li
          className="locations__item"
        >
          <a
            className="locations__item-link tabs__item"
            href="#"
          >
            <span>
              Hamburg
            </span>
          </a>
        </li>
        <li
          className="locations__item"
        >
          <a
            className="locations__item-link tabs__item"
            href="#"
          >
            <span>
              Dusseldorf
            </span>
          </a>
        </li>
      </ul>
    </section>
  </div>
  <div
    className="cities"
  >
    <div
      className="cities__places-container container"
    >
      <section
        className="cities__places places"
      >
        <h2
          className="visually-hidden"
        >
          Places
        </h2>
        <b
          className="places__found"
        >
          312 places to stay in Amsterdam
        </b>
        <form
          action="#"
          className="places__sorting"
          method="get"
        >
          <span
            className="places__sorting-caption"
          >
            Sort by
          </span>
          <span
            className="places__sorting-type"
            tabIndex="0"
          >
            Popular
            <svg
              className="places__sorting-arrow"
              height="4"
              width="7"
            >
              <use
                xlinkHref="#icon-arrow-select"
              />
            </svg>
          </span>
          <ul
            className="places__options places__options--custom places__options--opened"
          >
            <li
              className="places__option places__option--active"
              tabIndex="0"
            >
              Popular
            </li>
            <li
              className="places__option"
              tabIndex="0"
            >
              Price: low to high
            </li>
            <li
              className="places__option"
              tabIndex="0"
            >
              Price: high to low
            </li>
            <li
              className="places__option"
              tabIndex="0"
            >
              Top rated first
            </li>
          </ul>
        </form>
        <div
          className="cities__places-list places__list tabs__content"
        >
          <Offers
            offers={
              Array [
                Object {
                  "city": Object {
                    "location": Object {
                      "latitude": 52.38333,
                      "longitude": 4.9,
                      "name": "Amsterdam",
                      "zoom": 12,
                    },
                  },
                  "description": "Beautiful & luxurious apartment at great location",
                  "id": 1,
                  "image": "img/apartment-01.jpg",
                  "isBookmark": false,
                  "isPremium": true,
                  "location": Object {
                    "latitude": 52.3909553943508,
                    "longitude": 4.85309666406198,
                    "zoom": 12,
                  },
                  "price": 120,
                  "rating": 100,
                  "type": "Apartment",
                },
                Object {
                  "city": Object {
                    "location": Object {
                      "latitude": 52.38333,
                      "longitude": 4.9,
                      "name": "Amsterdam",
                      "zoom": 12,
                    },
                  },
                  "description": "Wood and stone place",
                  "id": 2,
                  "image": "img/room.jpg",
                  "isBookmark": true,
                  "isPremium": false,
                  "location": Object {
                    "latitude": 52.369553943508,
                    "longitude": 4.85309666406198,
                    "zoom": 12,
                  },
                  "price": 80,
                  "rating": 50,
                  "type": "Private room",
                },
                Object {
                  "city": Object {
                    "location": Object {
                      "latitude": 52.38333,
                      "longitude": 4.9,
                      "name": "Amsterdam",
                      "zoom": 12,
                    },
                  },
                  "description": "Canal View Prinsengracht",
                  "id": 3,
                  "image": "img/apartment-02.jpg",
                  "isBookmark": false,
                  "isPremium": false,
                  "location": Object {
                    "latitude": 52.3909553943508,
                    "longitude": 4.929309666406198,
                    "zoom": 12,
                  },
                  "price": 132,
                  "rating": 80,
                  "type": "Apartment",
                },
                Object {
                  "city": Object {
                    "location": Object {
                      "latitude": 52.38333,
                      "longitude": 4.9,
                      "name": "Amsterdam",
                      "zoom": 12,
                    },
                  },
                  "description": "Nice, cozy, warm big bed apartment",
                  "id": 4,
                  "image": "img/apartment-03.jpg",
                  "isBookmark": false,
                  "isPremium": true,
                  "location": Object {
                    "latitude": 52.3809553943508,
                    "longitude": 4.939309666406198,
                    "zoom": 12,
                  },
                  "price": 180,
                  "rating": 100,
                  "type": "Apartment",
                },
                Object {
                  "city": Object {
                    "location": Object {
                      "latitude": 52.38333,
                      "longitude": 4.9,
                      "name": "Amsterdam",
                      "zoom": 12,
                    },
                  },
                  "description": "Wood and stone place",
                  "id": 5,
                  "image": "img/room.jpg",
                  "isBookmark": false,
                  "isPremium": false,
                  "location": Object {
                    "latitude": 52.369553943508,
                    "longitude": 4.939309666406198,
                    "zoom": 12,
                  },
                  "price": 80,
                  "rating": 80,
                  "type": "Private room",
                },
              ]
            }
          />
        </div>
      </section>
      <div
        className="cities__right-section"
      >
        <section
          className="cities__map map"
        >
          <MapComponent
            offers={
              Array [
                Object {
                  "city": Object {
                    "location": Object {
                      "latitude": 52.38333,
                      "longitude": 4.9,
                      "name": "Amsterdam",
                      "zoom": 12,
                    },
                  },
                  "description": "Beautiful & luxurious apartment at great location",
                  "id": 1,
                  "image": "img/apartment-01.jpg",
                  "isBookmark": false,
                  "isPremium": true,
                  "location": Object {
                    "latitude": 52.3909553943508,
                    "longitude": 4.85309666406198,
                    "zoom": 12,
                  },
                  "price": 120,
                  "rating": 100,
                  "type": "Apartment",
                },
                Object {
                  "city": Object {
                    "location": Object {
                      "latitude": 52.38333,
                      "longitude": 4.9,
                      "name": "Amsterdam",
                      "zoom": 12,
                    },
                  },
                  "description": "Wood and stone place",
                  "id": 2,
                  "image": "img/room.jpg",
                  "isBookmark": true,
                  "isPremium": false,
                  "location": Object {
                    "latitude": 52.369553943508,
                    "longitude": 4.85309666406198,
                    "zoom": 12,
                  },
                  "price": 80,
                  "rating": 50,
                  "type": "Private room",
                },
                Object {
                  "city": Object {
                    "location": Object {
                      "latitude": 52.38333,
                      "longitude": 4.9,
                      "name": "Amsterdam",
                      "zoom": 12,
                    },
                  },
                  "description": "Canal View Prinsengracht",
                  "id": 3,
                  "image": "img/apartment-02.jpg",
                  "isBookmark": false,
                  "isPremium": false,
                  "location": Object {
                    "latitude": 52.3909553943508,
                    "longitude": 4.929309666406198,
                    "zoom": 12,
                  },
                  "price": 132,
                  "rating": 80,
                  "type": "Apartment",
                },
                Object {
                  "city": Object {
                    "location": Object {
                      "latitude": 52.38333,
                      "longitude": 4.9,
                      "name": "Amsterdam",
                      "zoom": 12,
                    },
                  },
                  "description": "Nice, cozy, warm big bed apartment",
                  "id": 4,
                  "image": "img/apartment-03.jpg",
                  "isBookmark": false,
                  "isPremium": true,
                  "location": Object {
                    "latitude": 52.3809553943508,
                    "longitude": 4.939309666406198,
                    "zoom": 12,
                  },
                  "price": 180,
                  "rating": 100,
                  "type": "Apartment",
                },
                Object {
                  "city": Object {
                    "location": Object {
                      "latitude": 52.38333,
                      "longitude": 4.9,
                      "name": "Amsterdam",
                      "zoom": 12,
                    },
                  },
                  "description": "Wood and stone place",
                  "id": 5,
                  "image": "img/room.jpg",
                  "isBookmark": false,
                  "isPremium": false,
                  "location": Object {
                    "latitude": 52.369553943508,
                    "longitude": 4.939309666406198,
                    "zoom": 12,
                  },
                  "price": 80,
                  "rating": 80,
                  "type": "Private room",
                },
              ]
            }
          />
        </section>
      </div>
    </div>
  </div>
</main>
`;
