// Jest Snapshot v1, https://goo.gl/fbAQLP

exports[`MainScreen correctly renders after relaunch 1`] = `
<main
  className="page__main page__main--index"
>
  <h1
    className="visually-hidden"
  >
    Cities
  </h1>
  <div
    className="tabs"
  >
    <WithActiveElement
      citiesList={
        Array [
          "Amsterdam",
          "Berlin",
          "Helsinki",
        ]
      }
      city="Amsterdam"
      cityOffers={
        Array [
          Object {
            "city": Object {
              "location": Object {
                "latitude": 52.38333,
                "longitude": 4.9,
                "zoom": 12,
              },
              "name": "City Name",
            },
            "id": 111,
            "is_favorite": false,
            "is_premium": true,
            "location": Object {
              "latitude": 52.3909553943508,
              "longitude": 4.85309666406198,
              "zoom": 12,
            },
            "preview_image": "img/img-1.jpg",
            "price": 120,
            "rating": 100,
            "title": "Some text",
            "type": "Apartment",
          },
          Object {
            "city": Object {
              "location": Object {
                "latitude": 52.38333,
                "longitude": 4.9,
                "zoom": 12,
              },
              "name": "City Name 2",
            },
            "id": 222,
            "is_favorite": true,
            "is_premium": false,
            "location": Object {
              "latitude": 52.3909553943508,
              "longitude": 4.85309666406198,
              "zoom": 12,
            },
            "preview_image": "img/img-2.jpg",
            "price": 120,
            "rating": 100,
            "title": "Some text",
            "type": "House",
          },
        ]
      }
      offerArticleClass="offer-article"
      offerDivClass="offer-div"
      offersClass="offers-class"
      onBookmarkClick={[MockFunction]}
      onCityClick={[MockFunction]}
      wrapperClass="wrapper-class"
    />
  </div>
  <div
    className="cities"
  >
    <div
      className="cities__places-container container"
    >
      <section
        className="cities__places places"
      >
        <h2
          className="visually-hidden"
        >
          Places
        </h2>
        <b
          className="places__found"
        >
          2
           places to stay in 
          Amsterdam
        </b>
        <form
          action="#"
          className="places__sorting"
          method="get"
        >
          <span
            className="places__sorting-caption"
          >
            Sort by
          </span>
          <span
            className="places__sorting-type"
            tabIndex="0"
          >
            Popular
            <svg
              className="places__sorting-arrow"
              height="4"
              width="7"
            >
              <use
                xlinkHref="#icon-arrow-select"
              />
            </svg>
          </span>
          <ul
            className="places__options places__options--custom places__options--opened"
          >
            <li
              className="places__option places__option--active"
              tabIndex="0"
            >
              Popular
            </li>
            <li
              className="places__option"
              tabIndex="0"
            >
              Price: low to high
            </li>
            <li
              className="places__option"
              tabIndex="0"
            >
              Price: high to low
            </li>
            <li
              className="places__option"
              tabIndex="0"
            >
              Top rated first
            </li>
          </ul>
        </form>
        <WithActiveElement
          citiesList={
            Array [
              "Amsterdam",
              "Berlin",
              "Helsinki",
            ]
          }
          city="Amsterdam"
          cityOffers={
            Array [
              Object {
                "city": Object {
                  "location": Object {
                    "latitude": 52.38333,
                    "longitude": 4.9,
                    "zoom": 12,
                  },
                  "name": "City Name",
                },
                "id": 111,
                "is_favorite": false,
                "is_premium": true,
                "location": Object {
                  "latitude": 52.3909553943508,
                  "longitude": 4.85309666406198,
                  "zoom": 12,
                },
                "preview_image": "img/img-1.jpg",
                "price": 120,
                "rating": 100,
                "title": "Some text",
                "type": "Apartment",
              },
              Object {
                "city": Object {
                  "location": Object {
                    "latitude": 52.38333,
                    "longitude": 4.9,
                    "zoom": 12,
                  },
                  "name": "City Name 2",
                },
                "id": 222,
                "is_favorite": true,
                "is_premium": false,
                "location": Object {
                  "latitude": 52.3909553943508,
                  "longitude": 4.85309666406198,
                  "zoom": 12,
                },
                "preview_image": "img/img-2.jpg",
                "price": 120,
                "rating": 100,
                "title": "Some text",
                "type": "House",
              },
            ]
          }
          offerArticleClass="offer-article"
          offerDivClass="offer-div"
          offersClass="offers-class"
          offersList={
            Array [
              Object {
                "city": Object {
                  "location": Object {
                    "latitude": 52.38333,
                    "longitude": 4.9,
                    "zoom": 12,
                  },
                  "name": "City Name",
                },
                "id": 111,
                "is_favorite": false,
                "is_premium": true,
                "location": Object {
                  "latitude": 52.3909553943508,
                  "longitude": 4.85309666406198,
                  "zoom": 12,
                },
                "preview_image": "img/img-1.jpg",
                "price": 120,
                "rating": 100,
                "title": "Some text",
                "type": "Apartment",
              },
              Object {
                "city": Object {
                  "location": Object {
                    "latitude": 52.38333,
                    "longitude": 4.9,
                    "zoom": 12,
                  },
                  "name": "City Name 2",
                },
                "id": 222,
                "is_favorite": true,
                "is_premium": false,
                "location": Object {
                  "latitude": 52.3909553943508,
                  "longitude": 4.85309666406198,
                  "zoom": 12,
                },
                "preview_image": "img/img-2.jpg",
                "price": 120,
                "rating": 100,
                "title": "Some text",
                "type": "House",
              },
            ]
          }
          onBookmarkClick={[MockFunction]}
          onCityClick={[MockFunction]}
          wrapperClass="wrapper-class"
        />
      </section>
      <div
        className="cities__right-section"
      >
        <MapComponent
          citiesList={
            Array [
              "Amsterdam",
              "Berlin",
              "Helsinki",
            ]
          }
          city="Amsterdam"
          cityOffers={
            Array [
              Object {
                "city": Object {
                  "location": Object {
                    "latitude": 52.38333,
                    "longitude": 4.9,
                    "zoom": 12,
                  },
                  "name": "City Name",
                },
                "id": 111,
                "is_favorite": false,
                "is_premium": true,
                "location": Object {
                  "latitude": 52.3909553943508,
                  "longitude": 4.85309666406198,
                  "zoom": 12,
                },
                "preview_image": "img/img-1.jpg",
                "price": 120,
                "rating": 100,
                "title": "Some text",
                "type": "Apartment",
              },
              Object {
                "city": Object {
                  "location": Object {
                    "latitude": 52.38333,
                    "longitude": 4.9,
                    "zoom": 12,
                  },
                  "name": "City Name 2",
                },
                "id": 222,
                "is_favorite": true,
                "is_premium": false,
                "location": Object {
                  "latitude": 52.3909553943508,
                  "longitude": 4.85309666406198,
                  "zoom": 12,
                },
                "preview_image": "img/img-2.jpg",
                "price": 120,
                "rating": 100,
                "title": "Some text",
                "type": "House",
              },
            ]
          }
          mapClass="cities__map map"
          mapHeight="100%"
          offerArticleClass="offer-article"
          offerDivClass="offer-div"
          offersClass="offers-class"
          offersList={
            Array [
              Object {
                "city": Object {
                  "location": Object {
                    "latitude": 52.38333,
                    "longitude": 4.9,
                    "zoom": 12,
                  },
                  "name": "City Name",
                },
                "id": 111,
                "is_favorite": false,
                "is_premium": true,
                "location": Object {
                  "latitude": 52.3909553943508,
                  "longitude": 4.85309666406198,
                  "zoom": 12,
                },
                "preview_image": "img/img-1.jpg",
                "price": 120,
                "rating": 100,
                "title": "Some text",
                "type": "Apartment",
              },
              Object {
                "city": Object {
                  "location": Object {
                    "latitude": 52.38333,
                    "longitude": 4.9,
                    "zoom": 12,
                  },
                  "name": "City Name 2",
                },
                "id": 222,
                "is_favorite": true,
                "is_premium": false,
                "location": Object {
                  "latitude": 52.3909553943508,
                  "longitude": 4.85309666406198,
                  "zoom": 12,
                },
                "preview_image": "img/img-2.jpg",
                "price": 120,
                "rating": 100,
                "title": "Some text",
                "type": "House",
              },
            ]
          }
          onBookmarkClick={[MockFunction]}
          onCityClick={[MockFunction]}
          wrapperClass="wrapper-class"
        />
      </div>
    </div>
  </div>
</main>
`;
