// Jest Snapshot v1, https://goo.gl/fbAQLP

exports[`withCitiesOffer correctly wrap MockComponent 1`] = `
<article
  className="cities__place-card place-card"
  onMouseLeave={[MockFunction]}
  onMouseOver={[MockFunction]}
>
  <div
    className="place-card__mark"
  >
    <span>
      Premium
    </span>
  </div>
  <div
    className="cities__image-wrapper place-card__image-wrapper"
  >
    <a
      href="#"
    >
      <img
        alt="Place image"
        className="place-card__image"
        height="200"
        src="/filepath"
        width="260"
      />
    </a>
  </div>
  <div>
    Mock
  </div>
</article>
`;
